Archive member included to satisfy reference by file (symbol)

c:/st/stm32cubeide_1.11.0/stm32cubeide/plugins/com.st.stm32cube.ide.mcu.externaltools.gnu-tools-for-stm32.10.3-2021.10.win32_1.0.200.202301161003/tools/bin/../lib/gcc/arm-none-eabi/10.3.1/../../../../arm-none-eabi/lib/thumb/v7-m/nofp\libc_nano.a(lib_a-errno.o)
                              ./Core/Src/syscalls.o (__errno)
c:/st/stm32cubeide_1.11.0/stm32cubeide/plugins/com.st.stm32cube.ide.mcu.externaltools.gnu-tools-for-stm32.10.3-2021.10.win32_1.0.200.202301161003/tools/bin/../lib/gcc/arm-none-eabi/10.3.1/../../../../arm-none-eabi/lib/thumb/v7-m/nofp\libc_nano.a(lib_a-exit.o)
                              c:/st/stm32cubeide_1.11.0/stm32cubeide/plugins/com.st.stm32cube.ide.mcu.externaltools.gnu-tools-for-stm32.10.3-2021.10.win32_1.0.200.202301161003/tools/bin/../lib/gcc/arm-none-eabi/10.3.1/../../../../arm-none-eabi/lib/thumb/v7-m/nofp/crt0.o (exit)
c:/st/stm32cubeide_1.11.0/stm32cubeide/plugins/com.st.stm32cube.ide.mcu.externaltools.gnu-tools-for-stm32.10.3-2021.10.win32_1.0.200.202301161003/tools/bin/../lib/gcc/arm-none-eabi/10.3.1/../../../../arm-none-eabi/lib/thumb/v7-m/nofp\libc_nano.a(lib_a-impure.o)
                              c:/st/stm32cubeide_1.11.0/stm32cubeide/plugins/com.st.stm32cube.ide.mcu.externaltools.gnu-tools-for-stm32.10.3-2021.10.win32_1.0.200.202301161003/tools/bin/../lib/gcc/arm-none-eabi/10.3.1/../../../../arm-none-eabi/lib/thumb/v7-m/nofp\libc_nano.a(lib_a-exit.o) (_global_impure_ptr)
c:/st/stm32cubeide_1.11.0/stm32cubeide/plugins/com.st.stm32cube.ide.mcu.externaltools.gnu-tools-for-stm32.10.3-2021.10.win32_1.0.200.202301161003/tools/bin/../lib/gcc/arm-none-eabi/10.3.1/../../../../arm-none-eabi/lib/thumb/v7-m/nofp\libc_nano.a(lib_a-init.o)
                              c:/st/stm32cubeide_1.11.0/stm32cubeide/plugins/com.st.stm32cube.ide.mcu.externaltools.gnu-tools-for-stm32.10.3-2021.10.win32_1.0.200.202301161003/tools/bin/../lib/gcc/arm-none-eabi/10.3.1/../../../../arm-none-eabi/lib/thumb/v7-m/nofp/crt0.o (__libc_init_array)
c:/st/stm32cubeide_1.11.0/stm32cubeide/plugins/com.st.stm32cube.ide.mcu.externaltools.gnu-tools-for-stm32.10.3-2021.10.win32_1.0.200.202301161003/tools/bin/../lib/gcc/arm-none-eabi/10.3.1/../../../../arm-none-eabi/lib/thumb/v7-m/nofp\libc_nano.a(lib_a-memset.o)
                              c:/st/stm32cubeide_1.11.0/stm32cubeide/plugins/com.st.stm32cube.ide.mcu.externaltools.gnu-tools-for-stm32.10.3-2021.10.win32_1.0.200.202301161003/tools/bin/../lib/gcc/arm-none-eabi/10.3.1/../../../../arm-none-eabi/lib/thumb/v7-m/nofp/crt0.o (memset)
c:/st/stm32cubeide_1.11.0/stm32cubeide/plugins/com.st.stm32cube.ide.mcu.externaltools.gnu-tools-for-stm32.10.3-2021.10.win32_1.0.200.202301161003/tools/bin/../lib/gcc/arm-none-eabi/10.3.1/thumb/v7-m/nofp\libgcc.a(_arm_fixsfsi.o)
                              ./Core/Src/can.o (__aeabi_f2iz)

Discarded input sections

 .text          0x0000000000000000        0x0 c:/st/stm32cubeide_1.11.0/stm32cubeide/plugins/com.st.stm32cube.ide.mcu.externaltools.gnu-tools-for-stm32.10.3-2021.10.win32_1.0.200.202301161003/tools/bin/../lib/gcc/arm-none-eabi/10.3.1/thumb/v7-m/nofp/crti.o
 .data          0x0000000000000000        0x0 c:/st/stm32cubeide_1.11.0/stm32cubeide/plugins/com.st.stm32cube.ide.mcu.externaltools.gnu-tools-for-stm32.10.3-2021.10.win32_1.0.200.202301161003/tools/bin/../lib/gcc/arm-none-eabi/10.3.1/thumb/v7-m/nofp/crti.o
 .bss           0x0000000000000000        0x0 c:/st/stm32cubeide_1.11.0/stm32cubeide/plugins/com.st.stm32cube.ide.mcu.externaltools.gnu-tools-for-stm32.10.3-2021.10.win32_1.0.200.202301161003/tools/bin/../lib/gcc/arm-none-eabi/10.3.1/thumb/v7-m/nofp/crti.o
 .data          0x0000000000000000        0x4 c:/st/stm32cubeide_1.11.0/stm32cubeide/plugins/com.st.stm32cube.ide.mcu.externaltools.gnu-tools-for-stm32.10.3-2021.10.win32_1.0.200.202301161003/tools/bin/../lib/gcc/arm-none-eabi/10.3.1/thumb/v7-m/nofp/crtbegin.o
 .rodata        0x0000000000000000       0x24 c:/st/stm32cubeide_1.11.0/stm32cubeide/plugins/com.st.stm32cube.ide.mcu.externaltools.gnu-tools-for-stm32.10.3-2021.10.win32_1.0.200.202301161003/tools/bin/../lib/gcc/arm-none-eabi/10.3.1/thumb/v7-m/nofp/crtbegin.o
 .text          0x0000000000000000       0x7c c:/st/stm32cubeide_1.11.0/stm32cubeide/plugins/com.st.stm32cube.ide.mcu.externaltools.gnu-tools-for-stm32.10.3-2021.10.win32_1.0.200.202301161003/tools/bin/../lib/gcc/arm-none-eabi/10.3.1/../../../../arm-none-eabi/lib/thumb/v7-m/nofp/crt0.o
 .data          0x0000000000000000        0x0 c:/st/stm32cubeide_1.11.0/stm32cubeide/plugins/com.st.stm32cube.ide.mcu.externaltools.gnu-tools-for-stm32.10.3-2021.10.win32_1.0.200.202301161003/tools/bin/../lib/gcc/arm-none-eabi/10.3.1/../../../../arm-none-eabi/lib/thumb/v7-m/nofp/crt0.o
[...]
Memory Configuration

Name             Origin             Length             Attributes
RAM              0x0000000020000000 0x0000000000005000 xrw
FLASH            0x0000000008000000 0x0000000000010000 xr
*default*        0x0000000000000000 0xffffffffffffffff

Linker script and memory map

LOAD c:/st/stm32cubeide_1.11.0/stm32cubeide/plugins/com.st.stm32cube.ide.mcu.externaltools.gnu-tools-for-stm32.10.3-2021.10.win32_1.0.200.202301161003/tools/bin/../lib/gcc/arm-none-eabi/10.3.1/thumb/v7-m/nofp/crti.o
LOAD c:/st/stm32cubeide_1.11.0/stm32cubeide/plugins/com.st.stm32cube.ide.mcu.externaltools.gnu-tools-for-stm32.10.3-2021.10.win32_1.0.200.202301161003/tools/bin/../lib/gcc/arm-none-eabi/10.3.1/thumb/v7-m/nofp/crtbegin.o
LOAD c:/st/stm32cubeide_1.11.0/stm32cubeide/plugins/com.st.stm32cube.ide.mcu.externaltools.gnu-tools-for-stm32.10.3-2021.10.win32_1.0.200.202301161003/tools/bin/../lib/gcc/arm-none-eabi/10.3.1/../../../../arm-none-eabi/lib/thumb/v7-m/nofp/crt0.o
LOAD ./Core/Src/can.o
LOAD ./Core/Src/gpio.o
LOAD ./Core/Src/led.o
LOAD ./Core/Src/main.o
LOAD ./Core/Src/motor_control.o
LOAD ./Core/Src/stm32f1xx_hal_msp.o
LOAD ./Core/Src/stm32f1xx_it.o
LOAD ./Core/Src/syscalls.o
LOAD ./Core/Src/sysmem.o
LOAD ./Core/Src/system_stm32f1xx.o
LOAD ./Core/Src/tim.o
LOAD ./Core/Src/user_it.o
LOAD ./Core/Startup/startup_stm32f103c8tx.o
LOAD ./Drivers/STM32F1xx_HAL_Driver/Src/stm32f1xx_hal.o
LOAD ./Drivers/STM32F1xx_HAL_Driver/Src/stm32f1xx_hal_can.o
LOAD ./Drivers/STM32F1xx_HAL_Driver/Src/stm32f1xx_hal_cortex.o
LOAD ./Drivers/STM32F1xx_HAL_Driver/Src/stm32f1xx_hal_dma.o
LOAD ./Drivers/STM32F1xx_HAL_Driver/Src/stm32f1xx_hal_exti.o
LOAD ./Drivers/STM32F1xx_HAL_Driver/Src/stm32f1xx_hal_flash.o
LOAD ./Drivers/STM32F1xx_HAL_Driver/Src/stm32f1xx_hal_flash_ex.o
LOAD ./Drivers/STM32F1xx_HAL_Driver/Src/stm32f1xx_hal_gpio.o
LOAD ./Drivers/STM32F1xx_HAL_Driver/Src/stm32f1xx_hal_gpio_ex.o
LOAD ./Drivers/STM32F1xx_HAL_Driver/Src/stm32f1xx_hal_pwr.o
LOAD ./Drivers/STM32F1xx_HAL_Driver/Src/stm32f1xx_hal_rcc.o
LOAD ./Drivers/STM32F1xx_HAL_Driver/Src/stm32f1xx_hal_rcc_ex.o
LOAD ./Drivers/STM32F1xx_HAL_Driver/Src/stm32f1xx_hal_tim.o
LOAD ./Drivers/STM32F1xx_HAL_Driver/Src/stm32f1xx_hal_tim_ex.o
START GROUP
LOAD c:/st/stm32cubeide_1.11.0/stm32cubeide/plugins/com.st.stm32cube.ide.mcu.externaltools.gnu-tools-for-stm32.10.3-2021.10.win32_1.0.200.202301161003/tools/bin/../lib/gcc/arm-none-eabi/10.3.1/../../../../arm-none-eabi/lib/thumb/v7-m/nofp\libstdc++_nano.a
LOAD c:/st/stm32cubeide_1.11.0/stm32cubeide/plugins/com.st.stm32cube.ide.mcu.externaltools.gnu-tools-for-stm32.10.3-2021.10.win32_1.0.200.202301161003/tools/bin/../lib/gcc/arm-none-eabi/10.3.1/../../../../arm-none-eabi/lib/thumb/v7-m/nofp\libsupc++_nano.a
END GROUP
LOAD c:/st/stm32cubeide_1.11.0/stm32cubeide/plugins/com.st.stm32cube.ide.mcu.externaltools.gnu-tools-for-stm32.10.3-2021.10.win32_1.0.200.202301161003/tools/bin/../lib/gcc/arm-none-eabi/10.3.1/../../../../arm-none-eabi/lib/thumb/v7-m/nofp\libstdc++_nano.a
LOAD c:/st/stm32cubeide_1.11.0/stm32cubeide/plugins/com.st.stm32cube.ide.mcu.externaltools.gnu-tools-for-stm32.10.3-2021.10.win32_1.0.200.202301161003/tools/bin/../lib/gcc/arm-none-eabi/10.3.1/../../../../arm-none-eabi/lib/thumb/v7-m/nofp\libm.a
LOAD c:/st/stm32cubeide_1.11.0/stm32cubeide/plugins/com.st.stm32cube.ide.mcu.externaltools.gnu-tools-for-stm32.10.3-2021.10.win32_1.0.200.202301161003/tools/bin/../lib/gcc/arm-none-eabi/10.3.1/../../../../arm-none-eabi/lib/thumb/v7-m/nofp\libc_nano.a
START GROUP
LOAD c:/st/stm32cubeide_1.11.0/stm32cubeide/plugins/com.st.stm32cube.ide.mcu.externaltools.gnu-tools-for-stm32.10.3-2021.10.win32_1.0.200.202301161003/tools/bin/../lib/gcc/arm-none-eabi/10.3.1/thumb/v7-m/nofp\libgcc.a
LOAD c:/st/stm32cubeide_1.11.0/stm32cubeide/plugins/com.st.stm32cube.ide.mcu.externaltools.gnu-tools-for-stm32.10.3-2021.10.win32_1.0.200.202301161003/tools/bin/../lib/gcc/arm-none-eabi/10.3.1/../../../../arm-none-eabi/lib/thumb/v7-m/nofp\libc_nano.a
END GROUP
START GROUP
LOAD c:/st/stm32cubeide_1.11.0/stm32cubeide/plugins/com.st.stm32cube.ide.mcu.externaltools.gnu-tools-for-stm32.10.3-2021.10.win32_1.0.200.202301161003/tools/bin/../lib/gcc/arm-none-eabi/10.3.1/thumb/v7-m/nofp\libgcc.a
LOAD c:/st/stm32cubeide_1.11.0/stm32cubeide/plugins/com.st.stm32cube.ide.mcu.externaltools.gnu-tools-for-stm32.10.3-2021.10.win32_1.0.200.202301161003/tools/bin/../lib/gcc/arm-none-eabi/10.3.1/../../../../arm-none-eabi/lib/thumb/v7-m/nofp\libc_nano.a
LOAD c:/st/stm32cubeide_1.11.0/stm32cubeide/plugins/com.st.stm32cube.ide.mcu.externaltools.gnu-tools-for-stm32.10.3-2021.10.win32_1.0.200.202301161003/tools/bin/../lib/gcc/arm-none-eabi/10.3.1/../../../../arm-none-eabi/lib/thumb/v7-m/nofp\libnosys.a
END GROUP
START GROUP
LOAD c:/st/stm32cubeide_1.11.0/stm32cubeide/plugins/com.st.stm32cube.ide.mcu.externaltools.gnu-tools-for-stm32.10.3-2021.10.win32_1.0.200.202301161003/tools/bin/../lib/gcc/arm-none-eabi/10.3.1/thumb/v7-m/nofp\libgcc.a
LOAD c:/st/stm32cubeide_1.11.0/stm32cubeide/plugins/com.st.stm32cube.ide.mcu.externaltools.gnu-tools-for-stm32.10.3-2021.10.win32_1.0.200.202301161003/tools/bin/../lib/gcc/arm-none-eabi/10.3.1/../../../../arm-none-eabi/lib/thumb/v7-m/nofp\libc_nano.a
LOAD c:/st/stm32cubeide_1.11.0/stm32cubeide/plugins/com.st.stm32cube.ide.mcu.externaltools.gnu-tools-for-stm32.10.3-2021.10.win32_1.0.200.202301161003/tools/bin/../lib/gcc/arm-none-eabi/10.3.1/../../../../arm-none-eabi/lib/thumb/v7-m/nofp\libnosys.a
END GROUP
LOAD c:/st/stm32cubeide_1.11.0/stm32cubeide/plugins/com.st.stm32cube.ide.mcu.externaltools.gnu-tools-for-stm32.10.3-2021.10.win32_1.0.200.202301161003/tools/bin/../lib/gcc/arm-none-eabi/10.3.1/thumb/v7-m/nofp/crtend.o
LOAD c:/st/stm32cubeide_1.11.0/stm32cubeide/plugins/com.st.stm32cube.ide.mcu.externaltools.gnu-tools-for-stm32.10.3-2021.10.win32_1.0.200.202301161003/tools/bin/../lib/gcc/arm-none-eabi/10.3.1/thumb/v7-m/nofp/crtn.o
                0x0000000020005000                _estack = (ORIGIN (RAM) + LENGTH (RAM))
                0x0000000000000200                _Min_Heap_Size = 0x200
                0x0000000000000400                _Min_Stack_Size = 0x400

.isr_vector     0x0000000008000000      0x10c
                0x0000000008000000                . = ALIGN (0x4)
 *(.isr_vector)
 .isr_vector    0x0000000008000000      0x10c ./Core/Startup/startup_stm32f103c8tx.o
                0x0000000008000000                g_pfnVectors
                0x000000000800010c                . = ALIGN (0x4)

.text           0x000000000800010c     0x389c
                0x000000000800010c                . = ALIGN (0x4)
 *(.text)
 .text          0x000000000800010c       0x40 c:/st/stm32cubeide_1.11.0/stm32cubeide/plugins/com.st.stm32cube.ide.mcu.externaltools.gnu-tools-for-stm32.10.3-2021.10.win32_1.0.200.202301161003/tools/bin/../lib/gcc/arm-none-eabi/10.3.1/thumb/v7-m/nofp/crtbegin.o
 .text          0x000000000800014c       0x4c c:/st/stm32cubeide_1.11.0/stm32cubeide/plugins/com.st.stm32cube.ide.mcu.externaltools.gnu-tools-for-stm32.10.3-2021.10.win32_1.0.200.202301161003/tools/bin/../lib/gcc/arm-none-eabi/10.3.1/thumb/v7-m/nofp\libgcc.a(_arm_fixsfsi.o)
                0x000000000800014c                __aeabi_f2iz
                0x000000000800014c                __fixsfsi
 *(.text*)
 .text.MX_CAN_Init
                0x0000000008000198       0x6c ./Core/Src/can.o
                0x0000000008000198                MX_CAN_Init
 .text.HAL_CAN_MspInit
                0x0000000008000204       0xa8 ./Core/Src/can.o
                0x0000000008000204                HAL_CAN_MspInit
 .text.HAL_CAN_RxFifo0MsgPendingCallback
                0x00000000080002ac      0x144 ./Core/Src/can.o
                0x00000000080002ac                HAL_CAN_RxFifo0MsgPendingCallback
 .text.MX_GPIO_Init
                0x00000000080003f0       0xd8 ./Core/Src/gpio.o
                0x00000000080003f0                MX_GPIO_Init
 .text.led_on   0x00000000080004c8       0x58 ./Core/Src/led.o
                0x00000000080004c8                led_on
 .text.led_process
                0x0000000008000520       0x7c ./Core/Src/led.o
                0x0000000008000520                led_process
 .text.can_setup
                0x000000000800059c       0x6c ./Core/Src/main.o
                0x000000000800059c                can_setup
 .text.main     0x0000000008000608       0x4c ./Core/Src/main.o
                0x0000000008000608                main
 .text.SystemClock_Config
                0x0000000008000654       0x8a ./Core/Src/main.o
                0x0000000008000654                SystemClock_Config
 .text.Error_Handler
                0x00000000080006de        0xa ./Core/Src/main.o
                0x00000000080006de                Error_Handler
 .text.get_dirction
                0x00000000080006e8       0x24 ./Core/Src/motor_control.o
                0x00000000080006e8                get_dirction
 .text.get_position
                0x000000000800070c       0x28 ./Core/Src/motor_control.o
                0x000000000800070c                get_position
 .text.set_speed
                0x0000000008000734       0x20 ./Core/Src/motor_control.o
                0x0000000008000734                set_speed
 .text.set_direction
                0x0000000008000754       0x34 ./Core/Src/motor_control.o
                0x0000000008000754                set_direction
 .text.init     0x0000000008000788       0x14 ./Core/Src/motor_control.o
                0x0000000008000788                init
 .text.activate
                0x000000000800079c       0x18 ./Core/Src/motor_control.o
                0x000000000800079c                activate
 .text.move_async
                0x00000000080007b4       0x78 ./Core/Src/motor_control.o
                0x00000000080007b4                move_async
 .text.move_sync
                0x000000000800082c       0x70 ./Core/Src/motor_control.o
                0x000000000800082c                move_sync
 .text.aysnc_callback
                0x000000000800089c       0x1c ./Core/Src/motor_control.o
                0x000000000800089c                aysnc_callback
 .text.stop     0x00000000080008b8       0x7c ./Core/Src/motor_control.o
                0x00000000080008b8                stop
 .text.HAL_MspInit
                0x0000000008000934       0x64 ./Core/Src/stm32f1xx_hal_msp.o
                0x0000000008000934                HAL_MspInit
 .text.NMI_Handler
                0x0000000008000998        0x6 ./Core/Src/stm32f1xx_it.o
                0x0000000008000998                NMI_Handler
 .text.HardFault_Handler
                0x000000000800099e        0x6 ./Core/Src/stm32f1xx_it.o
                0x000000000800099e                HardFault_Handler
 .text.MemManage_Handler
                0x00000000080009a4        0x6 ./Core/Src/stm32f1xx_it.o
                0x00000000080009a4                MemManage_Handler
 .text.BusFault_Handler
                0x00000000080009aa        0x6 ./Core/Src/stm32f1xx_it.o
                0x00000000080009aa                BusFault_Handler
 .text.UsageFault_Handler
                0x00000000080009b0        0x6 ./Core/Src/stm32f1xx_it.o
                0x00000000080009b0                UsageFault_Handler
 .text.SVC_Handler
                0x00000000080009b6        0xc ./Core/Src/stm32f1xx_it.o
                0x00000000080009b6                SVC_Handler
 .text.DebugMon_Handler
                0x00000000080009c2        0xc ./Core/Src/stm32f1xx_it.o
                0x00000000080009c2                DebugMon_Handler
 .text.PendSV_Handler
                0x00000000080009ce        0xc ./Core/Src/stm32f1xx_it.o
                0x00000000080009ce                PendSV_Handler
 .text.SysTick_Handler
                0x00000000080009da        0xc ./Core/Src/stm32f1xx_it.o
                0x00000000080009da                SysTick_Handler
 *fill*         0x00000000080009e6        0x2 
 .text.USB_LP_CAN1_RX0_IRQHandler
                0x00000000080009e8       0x14 ./Core/Src/stm32f1xx_it.o
                0x00000000080009e8                USB_LP_CAN1_RX0_IRQHandler
 .text.TIM2_IRQHandler
                0x00000000080009fc       0x14 ./Core/Src/stm32f1xx_it.o
                0x00000000080009fc                TIM2_IRQHandler
 .text.SystemInit
                0x0000000008000a10        0xc ./Core/Src/system_stm32f1xx.o
                0x0000000008000a10                SystemInit
 .text.MX_TIM1_Init
                0x0000000008000a1c      0x154 ./Core/Src/tim.o
                0x0000000008000a1c                MX_TIM1_Init
 .text.MX_TIM2_Init
                0x0000000008000b70       0xac ./Core/Src/tim.o
                0x0000000008000b70                MX_TIM2_Init
 .text.HAL_TIM_Base_MspInit
                0x0000000008000c1c       0x70 ./Core/Src/tim.o
                0x0000000008000c1c                HAL_TIM_Base_MspInit
 .text.HAL_TIM_MspPostInit
                0x0000000008000c8c       0x68 ./Core/Src/tim.o
                0x0000000008000c8c                HAL_TIM_MspPostInit
 .text.HAL_TIM_PeriodElapsedCallback
                0x0000000008000cf4       0x20 ./Core/Src/tim.o
                0x0000000008000cf4                HAL_TIM_PeriodElapsedCallback
 .text.Reset_Handler
                0x0000000008000d14       0x48 ./Core/Startup/startup_stm32f103c8tx.o
                0x0000000008000d14                Reset_Handler
 .text.Default_Handler
                0x0000000008000d5c        0x2 ./Core/Startup/startup_stm32f103c8tx.o
                0x0000000008000d5c                RTC_Alarm_IRQHandler
                0x0000000008000d5c                EXTI2_IRQHandler
                0x0000000008000d5c                TIM1_CC_IRQHandler
                0x0000000008000d5c                PVD_IRQHandler
                0x0000000008000d5c                EXTI3_IRQHandler
                0x0000000008000d5c                EXTI0_IRQHandler
                0x0000000008000d5c                I2C2_EV_IRQHandler
                0x0000000008000d5c                ADC1_2_IRQHandler
                0x0000000008000d5c                SPI1_IRQHandler
                0x0000000008000d5c                TAMPER_IRQHandler
                0x0000000008000d5c                DMA1_Channel4_IRQHandler
                0x0000000008000d5c                USART3_IRQHandler
                0x0000000008000d5c                RTC_IRQHandler
                0x0000000008000d5c                DMA1_Channel7_IRQHandler
                0x0000000008000d5c                CAN1_RX1_IRQHandler
                0x0000000008000d5c                TIM4_IRQHandler
                0x0000000008000d5c                I2C1_EV_IRQHandler
                0x0000000008000d5c                DMA1_Channel6_IRQHandler
                0x0000000008000d5c                TIM3_IRQHandler
                0x0000000008000d5c                RCC_IRQHandler
                0x0000000008000d5c                TIM1_TRG_COM_IRQHandler
                0x0000000008000d5c                DMA1_Channel1_IRQHandler
                0x0000000008000d5c                Default_Handler
                0x0000000008000d5c                EXTI15_10_IRQHandler
                0x0000000008000d5c                EXTI9_5_IRQHandler
                0x0000000008000d5c                SPI2_IRQHandler
                0x0000000008000d5c                DMA1_Channel5_IRQHandler
                0x0000000008000d5c                EXTI4_IRQHandler
                0x0000000008000d5c                USB_HP_CAN1_TX_IRQHandler
                0x0000000008000d5c                DMA1_Channel3_IRQHandler
                0x0000000008000d5c                TIM1_UP_IRQHandler
                0x0000000008000d5c                WWDG_IRQHandler
                0x0000000008000d5c                TIM1_BRK_IRQHandler
                0x0000000008000d5c                EXTI1_IRQHandler
                0x0000000008000d5c                USART2_IRQHandler
                0x0000000008000d5c                I2C2_ER_IRQHandler
                0x0000000008000d5c                DMA1_Channel2_IRQHandler
                0x0000000008000d5c                CAN1_SCE_IRQHandler
                0x0000000008000d5c                FLASH_IRQHandler
                0x0000000008000d5c                USART1_IRQHandler
                0x0000000008000d5c                I2C1_ER_IRQHandler
                0x0000000008000d5c                USBWakeUp_IRQHandler
 *fill*         0x0000000008000d5e        0x2 
 .text.HAL_Init
                0x0000000008000d60       0x2c ./Drivers/STM32F1xx_HAL_Driver/Src/stm32f1xx_hal.o
                0x0000000008000d60                HAL_Init
 .text.HAL_InitTick
                0x0000000008000d8c       0x60 ./Drivers/STM32F1xx_HAL_Driver/Src/stm32f1xx_hal.o
                0x0000000008000d8c                HAL_InitTick
 .text.HAL_IncTick
                0x0000000008000dec       0x24 ./Drivers/STM32F1xx_HAL_Driver/Src/stm32f1xx_hal.o
                0x0000000008000dec                HAL_IncTick
 .text.HAL_GetTick
                0x0000000008000e10       0x14 ./Drivers/STM32F1xx_HAL_Driver/Src/stm32f1xx_hal.o
                0x0000000008000e10                HAL_GetTick
 .text.HAL_CAN_Init
                0x0000000008000e24      0x1f6 ./Drivers/STM32F1xx_HAL_Driver/Src/stm32f1xx_hal_can.o
                0x0000000008000e24                HAL_CAN_Init
 .text.HAL_CAN_ConfigFilter
                0x000000000800101a      0x192 ./Drivers/STM32F1xx_HAL_Driver/Src/stm32f1xx_hal_can.o
                0x000000000800101a                HAL_CAN_ConfigFilter
 .text.HAL_CAN_Start
                0x00000000080011ac       0x88 ./Drivers/STM32F1xx_HAL_Driver/Src/stm32f1xx_hal_can.o
                0x00000000080011ac                HAL_CAN_Start
 .text.HAL_CAN_GetRxMessage
                0x0000000008001234      0x242 ./Drivers/STM32F1xx_HAL_Driver/Src/stm32f1xx_hal_can.o
                0x0000000008001234                HAL_CAN_GetRxMessage
 .text.HAL_CAN_ActivateNotification
                0x0000000008001476       0x4a ./Drivers/STM32F1xx_HAL_Driver/Src/stm32f1xx_hal_can.o
                0x0000000008001476                HAL_CAN_ActivateNotification
 .text.HAL_CAN_IRQHandler
                0x00000000080014c0      0x36e ./Drivers/STM32F1xx_HAL_Driver/Src/stm32f1xx_hal_can.o
                0x00000000080014c0                HAL_CAN_IRQHandler
 .text.HAL_CAN_TxMailbox0CompleteCallback
                0x000000000800182e       0x12 ./Drivers/STM32F1xx_HAL_Driver/Src/stm32f1xx_hal_can.o
                0x000000000800182e                HAL_CAN_TxMailbox0CompleteCallback
 .text.HAL_CAN_TxMailbox1CompleteCallback
                0x0000000008001840       0x12 ./Drivers/STM32F1xx_HAL_Driver/Src/stm32f1xx_hal_can.o
                0x0000000008001840                HAL_CAN_TxMailbox1CompleteCallback
 .text.HAL_CAN_TxMailbox2CompleteCallback
                0x0000000008001852       0x12 ./Drivers/STM32F1xx_HAL_Driver/Src/stm32f1xx_hal_can.o
                0x0000000008001852                HAL_CAN_TxMailbox2CompleteCallback
 .text.HAL_CAN_TxMailbox0AbortCallback
                0x0000000008001864       0x12 ./Drivers/STM32F1xx_HAL_Driver/Src/stm32f1xx_hal_can.o
                0x0000000008001864                HAL_CAN_TxMailbox0AbortCallback
 .text.HAL_CAN_TxMailbox1AbortCallback
                0x0000000008001876       0x12 ./Drivers/STM32F1xx_HAL_Driver/Src/stm32f1xx_hal_can.o
                0x0000000008001876                HAL_CAN_TxMailbox1AbortCallback
 .text.HAL_CAN_TxMailbox2AbortCallback
                0x0000000008001888       0x12 ./Drivers/STM32F1xx_HAL_Driver/Src/stm32f1xx_hal_can.o
                0x0000000008001888                HAL_CAN_TxMailbox2AbortCallback
 .text.HAL_CAN_RxFifo0FullCallback
                0x000000000800189a       0x12 ./Drivers/STM32F1xx_HAL_Driver/Src/stm32f1xx_hal_can.o
                0x000000000800189a                HAL_CAN_RxFifo0FullCallback
 .text.HAL_CAN_RxFifo1MsgPendingCallback
                0x00000000080018ac       0x12 ./Drivers/STM32F1xx_HAL_Driver/Src/stm32f1xx_hal_can.o
                0x00000000080018ac                HAL_CAN_RxFifo1MsgPendingCallback
 .text.HAL_CAN_RxFifo1FullCallback
                0x00000000080018be       0x12 ./Drivers/STM32F1xx_HAL_Driver/Src/stm32f1xx_hal_can.o
                0x00000000080018be                HAL_CAN_RxFifo1FullCallback
 .text.HAL_CAN_SleepCallback
                0x00000000080018d0       0x12 ./Drivers/STM32F1xx_HAL_Driver/Src/stm32f1xx_hal_can.o
                0x00000000080018d0                HAL_CAN_SleepCallback
 .text.HAL_CAN_WakeUpFromRxMsgCallback
                0x00000000080018e2       0x12 ./Drivers/STM32F1xx_HAL_Driver/Src/stm32f1xx_hal_can.o
                0x00000000080018e2                HAL_CAN_WakeUpFromRxMsgCallback
 .text.HAL_CAN_ErrorCallback
                0x00000000080018f4       0x12 ./Drivers/STM32F1xx_HAL_Driver/Src/stm32f1xx_hal_can.o
                0x00000000080018f4                HAL_CAN_ErrorCallback
 *fill*         0x0000000008001906        0x2 
 .text.__NVIC_SetPriorityGrouping
                0x0000000008001908       0x48 ./Drivers/STM32F1xx_HAL_Driver/Src/stm32f1xx_hal_cortex.o
 .text.__NVIC_GetPriorityGrouping
                0x0000000008001950       0x1c ./Drivers/STM32F1xx_HAL_Driver/Src/stm32f1xx_hal_cortex.o
 .text.__NVIC_EnableIRQ
                0x000000000800196c       0x38 ./Drivers/STM32F1xx_HAL_Driver/Src/stm32f1xx_hal_cortex.o
 .text.__NVIC_SetPriority
                0x00000000080019a4       0x54 ./Drivers/STM32F1xx_HAL_Driver/Src/stm32f1xx_hal_cortex.o
 .text.NVIC_EncodePriority
                0x00000000080019f8       0x64 ./Drivers/STM32F1xx_HAL_Driver/Src/stm32f1xx_hal_cortex.o
 .text.SysTick_Config
                0x0000000008001a5c       0x44 ./Drivers/STM32F1xx_HAL_Driver/Src/stm32f1xx_hal_cortex.o
 .text.HAL_NVIC_SetPriorityGrouping
                0x0000000008001aa0       0x16 ./Drivers/STM32F1xx_HAL_Driver/Src/stm32f1xx_hal_cortex.o
                0x0000000008001aa0                HAL_NVIC_SetPriorityGrouping
 .text.HAL_NVIC_SetPriority
                0x0000000008001ab6       0x38 ./Drivers/STM32F1xx_HAL_Driver/Src/stm32f1xx_hal_cortex.o
                0x0000000008001ab6                HAL_NVIC_SetPriority
 .text.HAL_NVIC_EnableIRQ
                0x0000000008001aee       0x1c ./Drivers/STM32F1xx_HAL_Driver/Src/stm32f1xx_hal_cortex.o
                0x0000000008001aee                HAL_NVIC_EnableIRQ
 .text.HAL_SYSTICK_Config
                0x0000000008001b0a       0x18 ./Drivers/STM32F1xx_HAL_Driver/Src/stm32f1xx_hal_cortex.o
                0x0000000008001b0a                HAL_SYSTICK_Config
 *fill*         0x0000000008001b22        0x2 
 .text.HAL_GPIO_Init
                0x0000000008001b24      0x308 ./Drivers/STM32F1xx_HAL_Driver/Src/stm32f1xx_hal_gpio.o
                0x0000000008001b24                HAL_GPIO_Init
 .text.HAL_GPIO_ReadPin
                0x0000000008001e2c       0x2e ./Drivers/STM32F1xx_HAL_Driver/Src/stm32f1xx_hal_gpio.o
                0x0000000008001e2c                HAL_GPIO_ReadPin
 .text.HAL_GPIO_WritePin
                0x0000000008001e5a       0x30 ./Drivers/STM32F1xx_HAL_Driver/Src/stm32f1xx_hal_gpio.o
                0x0000000008001e5a                HAL_GPIO_WritePin
 *fill*         0x0000000008001e8a        0x2 
 .text.HAL_RCC_OscConfig
                0x0000000008001e8c      0x504 ./Drivers/STM32F1xx_HAL_Driver/Src/stm32f1xx_hal_rcc.o
                0x0000000008001e8c                HAL_RCC_OscConfig
 .text.HAL_RCC_ClockConfig
                0x0000000008002390      0x1d4 ./Drivers/STM32F1xx_HAL_Driver/Src/stm32f1xx_hal_rcc.o
                0x0000000008002390                HAL_RCC_ClockConfig
 .text.HAL_RCC_GetSysClockFreq
                0x0000000008002564       0xa8 ./Drivers/STM32F1xx_HAL_Driver/Src/stm32f1xx_hal_rcc.o
                0x0000000008002564                HAL_RCC_GetSysClockFreq
 .text.RCC_Delay
                0x000000000800260c       0x3c ./Drivers/STM32F1xx_HAL_Driver/Src/stm32f1xx_hal_rcc.o
 .text.HAL_TIM_Base_Init
                0x0000000008002648       0x9e ./Drivers/STM32F1xx_HAL_Driver/Src/stm32f1xx_hal_tim.o
                0x0000000008002648                HAL_TIM_Base_Init
 *fill*         0x00000000080026e6        0x2 
 .text.HAL_TIM_Base_Start_IT
                0x00000000080026e8       0xa4 ./Drivers/STM32F1xx_HAL_Driver/Src/stm32f1xx_hal_tim.o
                0x00000000080026e8                HAL_TIM_Base_Start_IT
 .text.HAL_TIM_Base_Stop_IT
                0x000000000800278c       0x5c ./Drivers/STM32F1xx_HAL_Driver/Src/stm32f1xx_hal_tim.o
                0x000000000800278c                HAL_TIM_Base_Stop_IT
 .text.HAL_TIM_PWM_Init
                0x00000000080027e8       0x9e ./Drivers/STM32F1xx_HAL_Driver/Src/stm32f1xx_hal_tim.o
                0x00000000080027e8                HAL_TIM_PWM_Init
 .text.HAL_TIM_PWM_MspInit
                0x0000000008002886       0x12 ./Drivers/STM32F1xx_HAL_Driver/Src/stm32f1xx_hal_tim.o
                0x0000000008002886                HAL_TIM_PWM_MspInit
 .text.HAL_TIM_PWM_Start
                0x0000000008002898      0x144 ./Drivers/STM32F1xx_HAL_Driver/Src/stm32f1xx_hal_tim.o
                0x0000000008002898                HAL_TIM_PWM_Start
 .text.HAL_TIM_PWM_Stop
                0x00000000080029dc       0xc8 ./Drivers/STM32F1xx_HAL_Driver/Src/stm32f1xx_hal_tim.o
                0x00000000080029dc                HAL_TIM_PWM_Stop
 .text.HAL_TIM_OnePulse_Init
                0x0000000008002aa4       0xa0 ./Drivers/STM32F1xx_HAL_Driver/Src/stm32f1xx_hal_tim.o
                0x0000000008002aa4                HAL_TIM_OnePulse_Init
 .text.HAL_TIM_OnePulse_MspInit
                0x0000000008002b44       0x12 ./Drivers/STM32F1xx_HAL_Driver/Src/stm32f1xx_hal_tim.o
                0x0000000008002b44                HAL_TIM_OnePulse_MspInit
 .text.HAL_TIM_IRQHandler
                0x0000000008002b56      0x210 ./Drivers/STM32F1xx_HAL_Driver/Src/stm32f1xx_hal_tim.o
                0x0000000008002b56                HAL_TIM_IRQHandler
 *fill*         0x0000000008002d66        0x2 
 .text.HAL_TIM_PWM_ConfigChannel
                0x0000000008002d68      0x184 ./Drivers/STM32F1xx_HAL_Driver/Src/stm32f1xx_hal_tim.o
                0x0000000008002d68                HAL_TIM_PWM_ConfigChannel
 .text.HAL_TIM_ConfigClockSource
                0x0000000008002eec      0x18e ./Drivers/STM32F1xx_HAL_Driver/Src/stm32f1xx_hal_tim.o
                0x0000000008002eec                HAL_TIM_ConfigClockSource
 .text.HAL_TIM_SlaveConfigSynchro
                0x000000000800307a       0x84 ./Drivers/STM32F1xx_HAL_Driver/Src/stm32f1xx_hal_tim.o
                0x000000000800307a                HAL_TIM_SlaveConfigSynchro
 .text.HAL_TIM_OC_DelayElapsedCallback
                0x00000000080030fe       0x12 ./Drivers/STM32F1xx_HAL_Driver/Src/stm32f1xx_hal_tim.o
                0x00000000080030fe                HAL_TIM_OC_DelayElapsedCallback
 .text.HAL_TIM_IC_CaptureCallback
                0x0000000008003110       0x12 ./Drivers/STM32F1xx_HAL_Driver/Src/stm32f1xx_hal_tim.o
                0x0000000008003110                HAL_TIM_IC_CaptureCallback
 .text.HAL_TIM_PWM_PulseFinishedCallback
                0x0000000008003122       0x12 ./Drivers/STM32F1xx_HAL_Driver/Src/stm32f1xx_hal_tim.o
                0x0000000008003122                HAL_TIM_PWM_PulseFinishedCallback
 .text.HAL_TIM_TriggerCallback
                0x0000000008003134       0x12 ./Drivers/STM32F1xx_HAL_Driver/Src/stm32f1xx_hal_tim.o
                0x0000000008003134                HAL_TIM_TriggerCallback
 *fill*         0x0000000008003146        0x2 
 .text.TIM_Base_SetConfig
                0x0000000008003148       0xc4 ./Drivers/STM32F1xx_HAL_Driver/Src/stm32f1xx_hal_tim.o
                0x0000000008003148                TIM_Base_SetConfig
 .text.TIM_OC1_SetConfig
                0x000000000800320c       0xcc ./Drivers/STM32F1xx_HAL_Driver/Src/stm32f1xx_hal_tim.o
 .text.TIM_OC2_SetConfig
                0x00000000080032d8       0xd4 ./Drivers/STM32F1xx_HAL_Driver/Src/stm32f1xx_hal_tim.o
                0x00000000080032d8                TIM_OC2_SetConfig
 .text.TIM_OC3_SetConfig
                0x00000000080033ac       0xd4 ./Drivers/STM32F1xx_HAL_Driver/Src/stm32f1xx_hal_tim.o
 .text.TIM_OC4_SetConfig
                0x0000000008003480       0x9c ./Drivers/STM32F1xx_HAL_Driver/Src/stm32f1xx_hal_tim.o
 .text.TIM_SlaveTimer_SetConfig
                0x000000000800351c      0x122 ./Drivers/STM32F1xx_HAL_Driver/Src/stm32f1xx_hal_tim.o
 .text.TIM_TI1_ConfigInputStage
                0x000000000800363e       0x5c ./Drivers/STM32F1xx_HAL_Driver/Src/stm32f1xx_hal_tim.o
 .text.TIM_TI2_ConfigInputStage
                0x000000000800369a       0x5e ./Drivers/STM32F1xx_HAL_Driver/Src/stm32f1xx_hal_tim.o
 .text.TIM_ITRx_SetConfig
                0x00000000080036f8       0x34 ./Drivers/STM32F1xx_HAL_Driver/Src/stm32f1xx_hal_tim.o
 .text.TIM_ETR_SetConfig
                0x000000000800372c       0x3e ./Drivers/STM32F1xx_HAL_Driver/Src/stm32f1xx_hal_tim.o
                0x000000000800372c                TIM_ETR_SetConfig
 .text.TIM_CCxChannelCmd
                0x000000000800376a       0x48 ./Drivers/STM32F1xx_HAL_Driver/Src/stm32f1xx_hal_tim.o
                0x000000000800376a                TIM_CCxChannelCmd
 *fill*         0x00000000080037b2        0x2 
 .text.HAL_TIMEx_MasterConfigSynchronization
                0x00000000080037b4       0xbc ./Drivers/STM32F1xx_HAL_Driver/Src/stm32f1xx_hal_tim_ex.o
                0x00000000080037b4                HAL_TIMEx_MasterConfigSynchronization
 .text.HAL_TIMEx_ConfigBreakDeadTime
                0x0000000008003870       0xa2 ./Drivers/STM32F1xx_HAL_Driver/Src/stm32f1xx_hal_tim_ex.o
                0x0000000008003870                HAL_TIMEx_ConfigBreakDeadTime
 .text.HAL_TIMEx_CommutCallback
                0x0000000008003912       0x12 ./Drivers/STM32F1xx_HAL_Driver/Src/stm32f1xx_hal_tim_ex.o
                0x0000000008003912                HAL_TIMEx_CommutCallback
 .text.HAL_TIMEx_BreakCallback
                0x0000000008003924       0x12 ./Drivers/STM32F1xx_HAL_Driver/Src/stm32f1xx_hal_tim_ex.o
                0x0000000008003924                HAL_TIMEx_BreakCallback
 *fill*         0x0000000008003936        0x2 
 .text.__libc_init_array
                0x0000000008003938       0x48 c:/st/stm32cubeide_1.11.0/stm32cubeide/plugins/com.st.stm32cube.ide.mcu.externaltools.gnu-tools-for-stm32.10.3-2021.10.win32_1.0.200.202301161003/tools/bin/../lib/gcc/arm-none-eabi/10.3.1/../../../../arm-none-eabi/lib/thumb/v7-m/nofp\libc_nano.a(lib_a-init.o)
                0x0000000008003938                __libc_init_array
 .text.memset   0x0000000008003980       0x10 c:/st/stm32cubeide_1.11.0/stm32cubeide/plugins/com.st.stm32cube.ide.mcu.externaltools.gnu-tools-for-stm32.10.3-2021.10.win32_1.0.200.202301161003/tools/bin/../lib/gcc/arm-none-eabi/10.3.1/../../../../arm-none-eabi/lib/thumb/v7-m/nofp\libc_nano.a(lib_a-memset.o)
                0x0000000008003980                memset
 *(.glue_7)
 .glue_7        0x0000000008003990        0x0 linker stubs
 *(.glue_7t)
 .glue_7t       0x0000000008003990        0x0 linker stubs
 *(.eh_frame)
 .eh_frame      0x0000000008003990        0x0 c:/st/stm32cubeide_1.11.0/stm32cubeide/plugins/com.st.stm32cube.ide.mcu.externaltools.gnu-tools-for-stm32.10.3-2021.10.win32_1.0.200.202301161003/tools/bin/../lib/gcc/arm-none-eabi/10.3.1/thumb/v7-m/nofp/crtbegin.o
 *(.init)
 .init          0x0000000008003990        0x4 c:/st/stm32cubeide_1.11.0/stm32cubeide/plugins/com.st.stm32cube.ide.mcu.externaltools.gnu-tools-for-stm32.10.3-2021.10.win32_1.0.200.202301161003/tools/bin/../lib/gcc/arm-none-eabi/10.3.1/thumb/v7-m/nofp/crti.o
                0x0000000008003990                _init
 .init          0x0000000008003994        0x8 c:/st/stm32cubeide_1.11.0/stm32cubeide/plugins/com.st.stm32cube.ide.mcu.externaltools.gnu-tools-for-stm32.10.3-2021.10.win32_1.0.200.202301161003/tools/bin/../lib/gcc/arm-none-eabi/10.3.1/thumb/v7-m/nofp/crtn.o
 *(.fini)
 .fini          0x000000000800399c        0x4 c:/st/stm32cubeide_1.11.0/stm32cubeide/plugins/com.st.stm32cube.ide.mcu.externaltools.gnu-tools-for-stm32.10.3-2021.10.win32_1.0.200.202301161003/tools/bin/../lib/gcc/arm-none-eabi/10.3.1/thumb/v7-m/nofp/crti.o
                0x000000000800399c                _fini
 .fini          0x00000000080039a0        0x8 c:/st/stm32cubeide_1.11.0/stm32cubeide/plugins/com.st.stm32cube.ide.mcu.externaltools.gnu-tools-for-stm32.10.3-2021.10.win32_1.0.200.202301161003/tools/bin/../lib/gcc/arm-none-eabi/10.3.1/thumb/v7-m/nofp/crtn.o
                0x00000000080039a8                . = ALIGN (0x4)
                0x00000000080039a8                _etext = .

.vfp11_veneer   0x00000000080039a8        0x0
 .vfp11_veneer  0x00000000080039a8        0x0 linker stubs

.v4_bx          0x00000000080039a8        0x0
 .v4_bx         0x00000000080039a8        0x0 linker stubs

.iplt           0x00000000080039a8        0x0
 .iplt          0x00000000080039a8        0x0 c:/st/stm32cubeide_1.11.0/stm32cubeide/plugins/com.st.stm32cube.ide.mcu.externaltools.gnu-tools-for-stm32.10.3-2021.10.win32_1.0.200.202301161003/tools/bin/../lib/gcc/arm-none-eabi/10.3.1/thumb/v7-m/nofp/crtbegin.o

.rodata         0x00000000080039a8       0x24
                0x00000000080039a8                . = ALIGN (0x4)
 *(.rodata)
 *(.rodata*)
 .rodata.AHBPrescTable
                0x00000000080039a8       0x10 ./Core/Src/system_stm32f1xx.o
                0x00000000080039a8                AHBPrescTable
 .rodata.aPLLMULFactorTable.1
                0x00000000080039b8       0x10 ./Drivers/STM32F1xx_HAL_Driver/Src/stm32f1xx_hal_rcc.o
 .rodata.aPredivFactorTable.0
                0x00000000080039c8        0x2 ./Drivers/STM32F1xx_HAL_Driver/Src/stm32f1xx_hal_rcc.o
                0x00000000080039cc                . = ALIGN (0x4)
 *fill*         0x00000000080039ca        0x2 

.rel.dyn        0x00000000080039cc        0x0
 .rel.iplt      0x00000000080039cc        0x0 c:/st/stm32cubeide_1.11.0/stm32cubeide/plugins/com.st.stm32cube.ide.mcu.externaltools.gnu-tools-for-stm32.10.3-2021.10.win32_1.0.200.202301161003/tools/bin/../lib/gcc/arm-none-eabi/10.3.1/thumb/v7-m/nofp/crtbegin.o

.ARM.extab      0x00000000080039cc        0x0
                0x00000000080039cc                . = ALIGN (0x4)
 *(.ARM.extab* .gnu.linkonce.armextab.*)
                0x00000000080039cc                . = ALIGN (0x4)

.ARM            0x00000000080039cc        0x0
                0x00000000080039cc                . = ALIGN (0x4)
                0x00000000080039cc                __exidx_start = .
 *(.ARM.exidx*)
                0x00000000080039cc                __exidx_end = .
                0x00000000080039cc                . = ALIGN (0x4)

.preinit_array  0x00000000080039cc        0x0
                0x00000000080039cc                . = ALIGN (0x4)
                0x00000000080039cc                PROVIDE (__preinit_array_start = .)
 *(.preinit_array*)
                0x00000000080039cc                PROVIDE (__preinit_array_end = .)
                0x00000000080039cc                . = ALIGN (0x4)

.init_array     0x00000000080039cc        0x4
                0x00000000080039cc                . = ALIGN (0x4)
                0x00000000080039cc                PROVIDE (__init_array_start = .)
 *(SORT_BY_NAME(.init_array.*))
 *(.init_array*)
 .init_array    0x00000000080039cc        0x4 c:/st/stm32cubeide_1.11.0/stm32cubeide/plugins/com.st.stm32cube.ide.mcu.externaltools.gnu-tools-for-stm32.10.3-2021.10.win32_1.0.200.202301161003/tools/bin/../lib/gcc/arm-none-eabi/10.3.1/thumb/v7-m/nofp/crtbegin.o
                0x00000000080039d0                PROVIDE (__init_array_end = .)
                0x00000000080039d0                . = ALIGN (0x4)

.fini_array     0x00000000080039d0        0x4
                0x00000000080039d0                . = ALIGN (0x4)
                [!provide]                        PROVIDE (__fini_array_start = .)
 *(SORT_BY_NAME(.fini_array.*))
 *(.fini_array*)
 .fini_array    0x00000000080039d0        0x4 c:/st/stm32cubeide_1.11.0/stm32cubeide/plugins/com.st.stm32cube.ide.mcu.externaltools.gnu-tools-for-stm32.10.3-2021.10.win32_1.0.200.202301161003/tools/bin/../lib/gcc/arm-none-eabi/10.3.1/thumb/v7-m/nofp/crtbegin.o
                [!provide]                        PROVIDE (__fini_array_end = .)
                0x00000000080039d4                . = ALIGN (0x4)
                0x00000000080039d4                _sidata = LOADADDR (.data)

.data           0x0000000020000000       0x50 load address 0x00000000080039d4
                0x0000000020000000                . = ALIGN (0x4)
                0x0000000020000000                _sdata = .
 *(.data)
 *(.data*)
 .data.led_list
                0x0000000020000000       0x40 ./Core/Src/led.o
                0x0000000020000000                led_list
 .data.test_dir
                0x0000000020000040        0x4 ./Core/Src/motor_control.o
                0x0000000020000040                test_dir
 .data.SystemCoreClock
                0x0000000020000044        0x4 ./Core/Src/system_stm32f1xx.o
                0x0000000020000044                SystemCoreClock
 .data.uwTickPrio
                0x0000000020000048        0x4 ./Drivers/STM32F1xx_HAL_Driver/Src/stm32f1xx_hal.o
                0x0000000020000048                uwTickPrio
 .data.uwTickFreq
                0x000000002000004c        0x1 ./Drivers/STM32F1xx_HAL_Driver/Src/stm32f1xx_hal.o
                0x000000002000004c                uwTickFreq
 *(.RamFunc)
 *(.RamFunc*)
                0x0000000020000050                . = ALIGN (0x4)
 *fill*         0x000000002000004d        0x3 
                0x0000000020000050                _edata = .

.igot.plt       0x0000000020000050        0x0 load address 0x0000000008003a24
 .igot.plt      0x0000000020000050        0x0 c:/st/stm32cubeide_1.11.0/stm32cubeide/plugins/com.st.stm32cube.ide.mcu.externaltools.gnu-tools-for-stm32.10.3-2021.10.win32_1.0.200.202301161003/tools/bin/../lib/gcc/arm-none-eabi/10.3.1/thumb/v7-m/nofp/crtbegin.o
                0x0000000020000050                . = ALIGN (0x4)

.bss            0x0000000020000050       0xe0 load address 0x0000000008003a24
                0x0000000020000050                _sbss = .
                0x0000000020000050                __bss_start__ = _sbss
 *(.bss)
 .bss           0x0000000020000050       0x1c c:/st/stm32cubeide_1.11.0/stm32cubeide/plugins/com.st.stm32cube.ide.mcu.externaltools.gnu-tools-for-stm32.10.3-2021.10.win32_1.0.200.202301161003/tools/bin/../lib/gcc/arm-none-eabi/10.3.1/thumb/v7-m/nofp/crtbegin.o
 *(.bss*)
 .bss.hcan      0x000000002000006c       0x28 ./Core/Src/can.o
                0x000000002000006c                hcan
 .bss.last_position
                0x0000000020000094        0x4 ./Core/Src/motor_control.o
                0x0000000020000094                last_position
 .bss.motorMode
                0x0000000020000098        0x1 ./Core/Src/motor_control.o
                0x0000000020000098                motorMode
 *fill*         0x0000000020000099        0x3 
 .bss.htim1     0x000000002000009c       0x48 ./Core/Src/tim.o
                0x000000002000009c                htim1
 .bss.htim2     0x00000000200000e4       0x48 ./Core/Src/tim.o
                0x00000000200000e4                htim2
 .bss.uwTick    0x000000002000012c        0x4 ./Drivers/STM32F1xx_HAL_Driver/Src/stm32f1xx_hal.o
                0x000000002000012c                uwTick
 *(COMMON)
                0x0000000020000130                . = ALIGN (0x4)
                0x0000000020000130                _ebss = .
                0x0000000020000130                __bss_end__ = _ebss

._user_heap_stack
                0x0000000020000130      0x600 load address 0x0000000008003a24
                0x0000000020000130                . = ALIGN (0x8)
                [!provide]                        PROVIDE (end = .)
                0x0000000020000130                PROVIDE (_end = .)
                0x0000000020000330                . = (. + _Min_Heap_Size)
 *fill*         0x0000000020000130      0x200 
                0x0000000020000730                . = (. + _Min_Stack_Size)
 *fill*         0x0000000020000330      0x400 
                0x0000000020000730                . = ALIGN (0x8)

/DISCARD/
 libc.a(*)
 libm.a(*)
 libgcc.a(*)

.ARM.attributes
                0x0000000000000000       0x29
 *(.ARM.attributes)
 .ARM.attributes
                0x0000000000000000       0x1d c:/st/stm32cubeide_1.11.0/stm32cubeide/plugins/com.st.stm32cube.ide.mcu.externaltools.gnu-tools-for-stm32.10.3-2021.10.win32_1.0.200.202301161003/tools/bin/../lib/gcc/arm-none-eabi/10.3.1/thumb/v7-m/nofp/crti.o
 .ARM.attributes
                0x000000000000001d       0x2d c:/st/stm32cubeide_1.11.0/stm32cubeide/plugins/com.st.stm32cube.ide.mcu.externaltools.gnu-tools-for-stm32.10.3-2021.10.win32_1.0.200.202301161003/tools/bin/../lib/gcc/arm-none-eabi/10.3.1/thumb/v7-m/nofp/crtbegin.o
 .ARM.attributes
                0x000000000000004a       0x2d ./Core/Src/can.o
 .ARM.attributes
                0x0000000000000077       0x2d ./Core/Src/gpio.o
 .ARM.attributes
                0x00000000000000a4       0x2d ./Core/Src/led.o
 .ARM.attributes
                0x00000000000000d1       0x2d ./Core/Src/main.o
 .ARM.attributes
                0x00000000000000fe       0x2d ./Core/Src/motor_control.o
 .ARM.attributes
                0x000000000000012b       0x2d ./Core/Src/stm32f1xx_hal_msp.o
 .ARM.attributes
                0x0000000000000158       0x2d ./Core/Src/stm32f1xx_it.o
 .ARM.attributes
                0x0000000000000185       0x2d ./Core/Src/system_stm32f1xx.o
 .ARM.attributes
                0x00000000000001b2       0x2d ./Core/Src/tim.o
 .ARM.attributes
                0x00000000000001df       0x21 ./Core/Startup/startup_stm32f103c8tx.o
 .ARM.attributes
                0x0000000000000200       0x2d ./Drivers/STM32F1xx_HAL_Driver/Src/stm32f1xx_hal.o
 .ARM.attributes
                0x000000000000022d       0x2d ./Drivers/STM32F1xx_HAL_Driver/Src/stm32f1xx_hal_can.o
 .ARM.attributes
                0x000000000000025a       0x2d ./Drivers/STM32F1xx_HAL_Driver/Src/stm32f1xx_hal_cortex.o
 .ARM.attributes
                0x0000000000000287       0x2d ./Drivers/STM32F1xx_HAL_Driver/Src/stm32f1xx_hal_gpio.o
 .ARM.attributes
                0x00000000000002b4       0x2d ./Drivers/STM32F1xx_HAL_Driver/Src/stm32f1xx_hal_rcc.o
 .ARM.attributes
                0x00000000000002e1       0x2d ./Drivers/STM32F1xx_HAL_Driver/Src/stm32f1xx_hal_tim.o
 .ARM.attributes
                0x000000000000030e       0x2d ./Drivers/STM32F1xx_HAL_Driver/Src/stm32f1xx_hal_tim_ex.o
 .ARM.attributes
                0x000000000000033b       0x2d c:/st/stm32cubeide_1.11.0/stm32cubeide/plugins/com.st.stm32cube.ide.mcu.externaltools.gnu-tools-for-stm32.10.3-2021.10.win32_1.0.200.202301161003/tools/bin/../lib/gcc/arm-none-eabi/10.3.1/../../../../arm-none-eabi/lib/thumb/v7-m/nofp\libc_nano.a(lib_a-init.o)
 .ARM.attributes
                0x0000000000000368       0x2d c:/st/stm32cubeide_1.11.0/stm32cubeide/plugins/com.st.stm32cube.ide.mcu.externaltools.gnu-tools-for-stm32.10.3-2021.10.win32_1.0.200.202301161003/tools/bin/../lib/gcc/arm-none-eabi/10.3.1/../../../../arm-none-eabi/lib/thumb/v7-m/nofp\libc_nano.a(lib_a-memset.o)
 .ARM.attributes
                0x0000000000000395       0x1d c:/st/stm32cubeide_1.11.0/stm32cubeide/plugins/com.st.stm32cube.ide.mcu.externaltools.gnu-tools-for-stm32.10.3-2021.10.win32_1.0.200.202301161003/tools/bin/../lib/gcc/arm-none-eabi/10.3.1/thumb/v7-m/nofp\libgcc.a(_arm_fixsfsi.o)
 .ARM.attributes
                0x00000000000003b2       0x1d c:/st/stm32cubeide_1.11.0/stm32cubeide/plugins/com.st.stm32cube.ide.mcu.externaltools.gnu-tools-for-stm32.10.3-2021.10.win32_1.0.200.202301161003/tools/bin/../lib/gcc/arm-none-eabi/10.3.1/thumb/v7-m/nofp/crtn.o
OUTPUT(StepperMotorFW.elf elf32-littlearm)
LOAD linker stubs
LOAD c:/st/stm32cubeide_1.11.0/stm32cubeide/plugins/com.st.stm32cube.ide.mcu.externaltools.gnu-tools-for-stm32.10.3-2021.10.win32_1.0.200.202301161003/tools/bin/../lib/gcc/arm-none-eabi/10.3.1/../../../../arm-none-eabi/lib/thumb/v7-m/nofp\libc.a
LOAD c:/st/stm32cubeide_1.11.0/stm32cubeide/plugins/com.st.stm32cube.ide.mcu.externaltools.gnu-tools-for-stm32.10.3-2021.10.win32_1.0.200.202301161003/tools/bin/../lib/gcc/arm-none-eabi/10.3.1/../../../../arm-none-eabi/lib/thumb/v7-m/nofp\libm.a
LOAD c:/st/stm32cubeide_1.11.0/stm32cubeide/plugins/com.st.stm32cube.ide.mcu.externaltools.gnu-tools-for-stm32.10.3-2021.10.win32_1.0.200.202301161003/tools/bin/../lib/gcc/arm-none-eabi/10.3.1/thumb/v7-m/nofp\libgcc.a

.debug_info     0x0000000000000000     0xb7a6
 .debug_info    0x0000000000000000      0xb05 ./Core/Src/can.o
 .debug_info    0x0000000000000b05      0x2ee ./Core/Src/gpio.o
 .debug_info    0x0000000000000df3      0x27f ./Core/Src/led.o
 .debug_info    0x0000000000001072      0xde1 ./Core/Src/main.o
 .debug_info    0x0000000000001e53      0x9b9 ./Core/Src/motor_control.o
 .debug_info    0x000000000000280c      0x210 ./Core/Src/stm32f1xx_hal_msp.o
 .debug_info    0x0000000000002a1c      0xaf5 ./Core/Src/stm32f1xx_it.o
 .debug_info    0x0000000000003511      0x23d ./Core/Src/system_stm32f1xx.o
 .debug_info    0x000000000000374e      0xe1f ./Core/Src/tim.o
 .debug_info    0x000000000000456d       0x22 ./Core/Startup/startup_stm32f103c8tx.o
 .debug_info    0x000000000000458f      0x734 ./Drivers/STM32F1xx_HAL_Driver/Src/stm32f1xx_hal.o
 .debug_info    0x0000000000004cc3      0xfd7 ./Drivers/STM32F1xx_HAL_Driver/Src/stm32f1xx_hal_can.o
 .debug_info    0x0000000000005c9a      0xb20 ./Drivers/STM32F1xx_HAL_Driver/Src/stm32f1xx_hal_cortex.o
 .debug_info    0x00000000000067ba      0x615 ./Drivers/STM32F1xx_HAL_Driver/Src/stm32f1xx_hal_gpio.o
 .debug_info    0x0000000000006dcf      0x865 ./Drivers/STM32F1xx_HAL_Driver/Src/stm32f1xx_hal_rcc.o
 .debug_info    0x0000000000007634     0x2bab ./Drivers/STM32F1xx_HAL_Driver/Src/stm32f1xx_hal_tim.o
 .debug_info    0x000000000000a1df     0x15c7 ./Drivers/STM32F1xx_HAL_Driver/Src/stm32f1xx_hal_tim_ex.o

.debug_abbrev   0x0000000000000000     0x20f7
 .debug_abbrev  0x0000000000000000      0x286 ./Core/Src/can.o
 .debug_abbrev  0x0000000000000286      0x134 ./Core/Src/gpio.o
 .debug_abbrev  0x00000000000003ba      0x1bf ./Core/Src/led.o
 .debug_abbrev  0x0000000000000579      0x2ae ./Core/Src/main.o
 .debug_abbrev  0x0000000000000827      0x252 ./Core/Src/motor_control.o
 .debug_abbrev  0x0000000000000a79       0xd4 ./Core/Src/stm32f1xx_hal_msp.o
 .debug_abbrev  0x0000000000000b4d      0x1d7 ./Core/Src/stm32f1xx_it.o
 .debug_abbrev  0x0000000000000d24      0x13b ./Core/Src/system_stm32f1xx.o
 .debug_abbrev  0x0000000000000e5f      0x247 ./Core/Src/tim.o
 .debug_abbrev  0x00000000000010a6       0x12 ./Core/Startup/startup_stm32f103c8tx.o
 .debug_abbrev  0x00000000000010b8      0x1fb ./Drivers/STM32F1xx_HAL_Driver/Src/stm32f1xx_hal.o
 .debug_abbrev  0x00000000000012b3      0x224 ./Drivers/STM32F1xx_HAL_Driver/Src/stm32f1xx_hal_can.o
 .debug_abbrev  0x00000000000014d7      0x2ed ./Drivers/STM32F1xx_HAL_Driver/Src/stm32f1xx_hal_cortex.o
 .debug_abbrev  0x00000000000017c4      0x1bb ./Drivers/STM32F1xx_HAL_Driver/Src/stm32f1xx_hal_gpio.o
 .debug_abbrev  0x000000000000197f      0x2a8 ./Drivers/STM32F1xx_HAL_Driver/Src/stm32f1xx_hal_rcc.o
 .debug_abbrev  0x0000000000001c27      0x264 ./Drivers/STM32F1xx_HAL_Driver/Src/stm32f1xx_hal_tim.o
 .debug_abbrev  0x0000000000001e8b      0x26c ./Drivers/STM32F1xx_HAL_Driver/Src/stm32f1xx_hal_tim_ex.o

.debug_aranges  0x0000000000000000      0xb98
 .debug_aranges
                0x0000000000000000       0x38 ./Core/Src/can.o
 .debug_aranges
                0x0000000000000038       0x20 ./Core/Src/gpio.o
 .debug_aranges
                0x0000000000000058       0x28 ./Core/Src/led.o
 .debug_aranges
                0x0000000000000080       0x38 ./Core/Src/main.o
 .debug_aranges
                0x00000000000000b8       0x80 ./Core/Src/motor_control.o
 .debug_aranges
                0x0000000000000138       0x20 ./Core/Src/stm32f1xx_hal_msp.o
 .debug_aranges
                0x0000000000000158       0x70 ./Core/Src/stm32f1xx_it.o
 .debug_aranges
                0x00000000000001c8       0x28 ./Core/Src/system_stm32f1xx.o
 .debug_aranges
                0x00000000000001f0       0x48 ./Core/Src/tim.o
 .debug_aranges
                0x0000000000000238       0x28 ./Core/Startup/startup_stm32f103c8tx.o
 .debug_aranges
                0x0000000000000260       0xe0 ./Drivers/STM32F1xx_HAL_Driver/Src/stm32f1xx_hal.o
 .debug_aranges
                0x0000000000000340      0x138 ./Drivers/STM32F1xx_HAL_Driver/Src/stm32f1xx_hal_can.o
 .debug_aranges
                0x0000000000000478      0x100 ./Drivers/STM32F1xx_HAL_Driver/Src/stm32f1xx_hal_cortex.o
 .debug_aranges
                0x0000000000000578       0x58 ./Drivers/STM32F1xx_HAL_Driver/Src/stm32f1xx_hal_gpio.o
 .debug_aranges
                0x00000000000005d0       0x90 ./Drivers/STM32F1xx_HAL_Driver/Src/stm32f1xx_hal_rcc.o
 .debug_aranges
                0x0000000000000660      0x3d0 ./Drivers/STM32F1xx_HAL_Driver/Src/stm32f1xx_hal_tim.o
 .debug_aranges
                0x0000000000000a30      0x168 ./Drivers/STM32F1xx_HAL_Driver/Src/stm32f1xx_hal_tim_ex.o

.debug_ranges   0x0000000000000000      0xa90
 .debug_ranges  0x0000000000000000       0x28 ./Core/Src/can.o
 .debug_ranges  0x0000000000000028       0x10 ./Core/Src/gpio.o
 .debug_ranges  0x0000000000000038       0x18 ./Core/Src/led.o
 .debug_ranges  0x0000000000000050       0x28 ./Core/Src/main.o
 .debug_ranges  0x0000000000000078       0x70 ./Core/Src/motor_control.o
 .debug_ranges  0x00000000000000e8       0x10 ./Core/Src/stm32f1xx_hal_msp.o
 .debug_ranges  0x00000000000000f8       0x60 ./Core/Src/stm32f1xx_it.o
 .debug_ranges  0x0000000000000158       0x18 ./Core/Src/system_stm32f1xx.o
 .debug_ranges  0x0000000000000170       0x38 ./Core/Src/tim.o
 .debug_ranges  0x00000000000001a8       0x20 ./Core/Startup/startup_stm32f103c8tx.o
 .debug_ranges  0x00000000000001c8       0xd0 ./Drivers/STM32F1xx_HAL_Driver/Src/stm32f1xx_hal.o
 .debug_ranges  0x0000000000000298      0x128 ./Drivers/STM32F1xx_HAL_Driver/Src/stm32f1xx_hal_can.o
 .debug_ranges  0x00000000000003c0       0xf0 ./Drivers/STM32F1xx_HAL_Driver/Src/stm32f1xx_hal_cortex.o
 .debug_ranges  0x00000000000004b0       0x48 ./Drivers/STM32F1xx_HAL_Driver/Src/stm32f1xx_hal_gpio.o
 .debug_ranges  0x00000000000004f8       0x80 ./Drivers/STM32F1xx_HAL_Driver/Src/stm32f1xx_hal_rcc.o
 .debug_ranges  0x0000000000000578      0x3c0 ./Drivers/STM32F1xx_HAL_Driver/Src/stm32f1xx_hal_tim.o
 .debug_ranges  0x0000000000000938      0x158 ./Drivers/STM32F1xx_HAL_Driver/Src/stm32f1xx_hal_tim_ex.o

.debug_macro    0x0000000000000000    0x18087
 .debug_macro   0x0000000000000000      0x2a7 ./Core/Src/can.o
 .debug_macro   0x00000000000002a7      0xa6c ./Core/Src/can.o
 .debug_macro   0x0000000000000d13      0x21b ./Core/Src/can.o
 .debug_macro   0x0000000000000f2e       0x2e ./Core/Src/can.o
 .debug_macro   0x0000000000000f5c       0x22 ./Core/Src/can.o
 .debug_macro   0x0000000000000f7e       0x22 ./Core/Src/can.o
 .debug_macro   0x0000000000000fa0       0x8e ./Core/Src/can.o
 .debug_macro   0x000000000000102e       0x51 ./Core/Src/can.o
 .debug_macro   0x000000000000107f      0x103 ./Core/Src/can.o
 .debug_macro   0x0000000000001182       0x6a ./Core/Src/can.o
 .debug_macro   0x00000000000011ec      0x1df ./Core/Src/can.o
 .debug_macro   0x00000000000013cb       0x1c ./Core/Src/can.o
 .debug_macro   0x00000000000013e7       0x22 ./Core/Src/can.o
 .debug_macro   0x0000000000001409       0xbd ./Core/Src/can.o
 .debug_macro   0x00000000000014c6      0xd23 ./Core/Src/can.o
 .debug_macro   0x00000000000021e9     0xe09e ./Core/Src/can.o
 .debug_macro   0x0000000000010287       0x6d ./Core/Src/can.o
 .debug_macro   0x00000000000102f4     0x348d ./Core/Src/can.o
 .debug_macro   0x0000000000013781      0x174 ./Core/Src/can.o
 .debug_macro   0x00000000000138f5       0x5c ./Core/Src/can.o
 .debug_macro   0x0000000000013951      0x5bc ./Core/Src/can.o
 .debug_macro   0x0000000000013f0d      0x289 ./Core/Src/can.o
 .debug_macro   0x0000000000014196      0x1cb ./Core/Src/can.o
 .debug_macro   0x0000000000014361      0x114 ./Core/Src/can.o
 .debug_macro   0x0000000000014475      0x1b2 ./Core/Src/can.o
 .debug_macro   0x0000000000014627       0x27 ./Core/Src/can.o
 .debug_macro   0x000000000001464e      0x136 ./Core/Src/can.o
 .debug_macro   0x0000000000014784      0x1bc ./Core/Src/can.o
 .debug_macro   0x0000000000014940       0x34 ./Core/Src/can.o
 .debug_macro   0x0000000000014974       0x3c ./Core/Src/can.o
 .debug_macro   0x00000000000149b0      0x408 ./Core/Src/can.o
 .debug_macro   0x0000000000014db8       0x57 ./Core/Src/can.o
 .debug_macro   0x0000000000014e0f       0x87 ./Core/Src/can.o
 .debug_macro   0x0000000000014e96      0x240 ./Core/Src/can.o
 .debug_macro   0x00000000000150d6      0x140 ./Core/Src/can.o
 .debug_macro   0x0000000000015216      0x8ed ./Core/Src/can.o
 .debug_macro   0x0000000000015b03       0x83 ./Core/Src/can.o
 .debug_macro   0x0000000000015b86       0xa0 ./Core/Src/can.o
 .debug_macro   0x0000000000015c26       0x16 ./Core/Src/can.o
 .debug_macro   0x0000000000015c3c       0x52 ./Core/Src/can.o
 .debug_macro   0x0000000000015c8e       0x18 ./Core/Src/can.o
 .debug_macro   0x0000000000015ca6       0x3c ./Core/Src/can.o
 .debug_macro   0x0000000000015ce2       0x34 ./Core/Src/can.o
 .debug_macro   0x0000000000015d16       0x16 ./Core/Src/can.o
 .debug_macro   0x0000000000015d2c       0x43 ./Core/Src/can.o
 .debug_macro   0x0000000000015d6f       0x34 ./Core/Src/can.o
 .debug_macro   0x0000000000015da3       0x10 ./Core/Src/can.o
 .debug_macro   0x0000000000015db3       0x58 ./Core/Src/can.o
 .debug_macro   0x0000000000015e0b       0x71 ./Core/Src/can.o
 .debug_macro   0x0000000000015e7c       0x1c ./Core/Src/can.o
 .debug_macro   0x0000000000015e98      0x12a ./Core/Src/can.o
 .debug_macro   0x0000000000015fc2      0x341 ./Core/Src/can.o
 .debug_macro   0x0000000000016303       0x10 ./Core/Src/can.o
 .debug_macro   0x0000000000016313       0x35 ./Core/Src/can.o
 .debug_macro   0x0000000000016348       0x20 ./Core/Src/can.o
 .debug_macro   0x0000000000016368      0x1bc ./Core/Src/gpio.o
 .debug_macro   0x0000000000016524      0x1c2 ./Core/Src/led.o
 .debug_macro   0x00000000000166e6      0x1f1 ./Core/Src/main.o
 .debug_macro   0x00000000000168d7      0x2b2 ./Core/Src/motor_control.o
 .debug_macro   0x0000000000016b89      0x19b ./Core/Src/motor_control.o
 .debug_macro   0x0000000000016d24       0x16 ./Core/Src/motor_control.o
 .debug_macro   0x0000000000016d3a       0x16 ./Core/Src/motor_control.o
 .debug_macro   0x0000000000016d50       0x29 ./Core/Src/motor_control.o
 .debug_macro   0x0000000000016d79      0x1b2 ./Core/Src/stm32f1xx_hal_msp.o
 .debug_macro   0x0000000000016f2b      0x1ca ./Core/Src/stm32f1xx_it.o
 .debug_macro   0x00000000000170f5      0x1a3 ./Core/Src/system_stm32f1xx.o
 .debug_macro   0x0000000000017298      0x1d0 ./Core/Src/tim.o
 .debug_macro   0x0000000000017468      0x1c7 ./Drivers/STM32F1xx_HAL_Driver/Src/stm32f1xx_hal.o
 .debug_macro   0x000000000001762f      0x1ab ./Drivers/STM32F1xx_HAL_Driver/Src/stm32f1xx_hal_can.o
 .debug_macro   0x00000000000177da      0x1a3 ./Drivers/STM32F1xx_HAL_Driver/Src/stm32f1xx_hal_cortex.o
 .debug_macro   0x000000000001797d      0x20e ./Drivers/STM32F1xx_HAL_Driver/Src/stm32f1xx_hal_gpio.o
 .debug_macro   0x0000000000017b8b      0x1b5 ./Drivers/STM32F1xx_HAL_Driver/Src/stm32f1xx_hal_rcc.o
 .debug_macro   0x0000000000017d40      0x1a4 ./Drivers/STM32F1xx_HAL_Driver/Src/stm32f1xx_hal_tim.o
 .debug_macro   0x0000000000017ee4      0x1a3 ./Drivers/STM32F1xx_HAL_Driver/Src/stm32f1xx_hal_tim_ex.o

.debug_line     0x0000000000000000     0xcd5d
 .debug_line    0x0000000000000000      0x906 ./Core/Src/can.o
 .debug_line    0x0000000000000906      0x69f ./Core/Src/gpio.o
 .debug_line    0x0000000000000fa5      0x6d1 ./Core/Src/led.o
 .debug_line    0x0000000000001676      0x776 ./Core/Src/main.o
 .debug_line    0x0000000000001dec      0x9d5 ./Core/Src/motor_control.o
 .debug_line    0x00000000000027c1      0x679 ./Core/Src/stm32f1xx_hal_msp.o
 .debug_line    0x0000000000002e3a      0x77e ./Core/Src/stm32f1xx_it.o
 .debug_line    0x00000000000035b8      0x6f7 ./Core/Src/system_stm32f1xx.o
 .debug_line    0x0000000000003caf      0x817 ./Core/Src/tim.o
 .debug_line    0x00000000000044c6       0x86 ./Core/Startup/startup_stm32f103c8tx.o
 .debug_line    0x000000000000454c      0x924 ./Drivers/STM32F1xx_HAL_Driver/Src/stm32f1xx_hal.o
 .debug_line    0x0000000000004e70     0x10cb ./Drivers/STM32F1xx_HAL_Driver/Src/stm32f1xx_hal_can.o
 .debug_line    0x0000000000005f3b      0xb0c ./Drivers/STM32F1xx_HAL_Driver/Src/stm32f1xx_hal_cortex.o
 .debug_line    0x0000000000006a47      0x9bd ./Drivers/STM32F1xx_HAL_Driver/Src/stm32f1xx_hal_gpio.o
 .debug_line    0x0000000000007404      0xd30 ./Drivers/STM32F1xx_HAL_Driver/Src/stm32f1xx_hal_rcc.o
 .debug_line    0x0000000000008134     0x33af ./Drivers/STM32F1xx_HAL_Driver/Src/stm32f1xx_hal_tim.o
 .debug_line    0x000000000000b4e3     0x187a ./Drivers/STM32F1xx_HAL_Driver/Src/stm32f1xx_hal_tim_ex.o

.debug_str      0x0000000000000000    0x8a4e7
 .debug_str     0x0000000000000000    0x86ed9 ./Core/Src/can.o
                                      0x872fe (size before relaxing)
 .debug_str     0x0000000000086ed9       0x68 ./Core/Src/gpio.o
                                      0x83d52 (size before relaxing)
 .debug_str     0x0000000000086f41       0x67 ./Core/Src/led.o
                                      0x83d50 (size before relaxing)
 .debug_str     0x0000000000086fa8      0x6a2 ./Core/Src/main.o
                                      0x84731 (size before relaxing)
 .debug_str     0x000000000008764a      0x9ec ./Core/Src/motor_control.o
                                      0x87a1f (size before relaxing)
 .debug_str     0x0000000000088036       0x50 ./Core/Src/stm32f1xx_hal_msp.o
                                      0x83cda (size before relaxing)
 .debug_str     0x0000000000088086       0xff ./Core/Src/stm32f1xx_it.o
                                      0x84496 (size before relaxing)
 .debug_str     0x0000000000088185       0x7e ./Core/Src/system_stm32f1xx.o
                                      0x83a96 (size before relaxing)
 .debug_str     0x0000000000088203      0x335 ./Core/Src/tim.o
                                      0x848d0 (size before relaxing)
 .debug_str     0x0000000000088538       0x36 ./Core/Startup/startup_stm32f103c8tx.o
                                         0x78 (size before relaxing)
 .debug_str     0x000000000008856e      0x382 ./Drivers/STM32F1xx_HAL_Driver/Src/stm32f1xx_hal.o
                                      0x841c9 (size before relaxing)
 .debug_str     0x00000000000888f0      0x415 ./Drivers/STM32F1xx_HAL_Driver/Src/stm32f1xx_hal_can.o
                                      0x84296 (size before relaxing)
 .debug_str     0x0000000000088d05      0x26c ./Drivers/STM32F1xx_HAL_Driver/Src/stm32f1xx_hal_cortex.o
                                      0x84115 (size before relaxing)
 .debug_str     0x0000000000088f71      0x2d5 ./Drivers/STM32F1xx_HAL_Driver/Src/stm32f1xx_hal_gpio.o
                                      0x83e1c (size before relaxing)
 .debug_str     0x0000000000089246      0x224 ./Drivers/STM32F1xx_HAL_Driver/Src/stm32f1xx_hal_rcc.o
                                      0x83ec5 (size before relaxing)
 .debug_str     0x000000000008946a      0xc9c ./Drivers/STM32F1xx_HAL_Driver/Src/stm32f1xx_hal_tim.o
                                      0x84eb7 (size before relaxing)
 .debug_str     0x000000000008a106      0x3e1 ./Drivers/STM32F1xx_HAL_Driver/Src/stm32f1xx_hal_tim_ex.o
                                      0x846d3 (size before relaxing)

.comment        0x0000000000000000       0x50
 .comment       0x0000000000000000       0x50 ./Core/Src/can.o
                                         0x51 (size before relaxing)
 .comment       0x0000000000000050       0x51 ./Core/Src/gpio.o
 .comment       0x0000000000000050       0x51 ./Core/Src/led.o
 .comment       0x0000000000000050       0x51 ./Core/Src/main.o
 .comment       0x0000000000000050       0x51 ./Core/Src/motor_control.o
 .comment       0x0000000000000050       0x51 ./Core/Src/stm32f1xx_hal_msp.o
 .comment       0x0000000000000050       0x51 ./Core/Src/stm32f1xx_it.o
 .comment       0x0000000000000050       0x51 ./Core/Src/system_stm32f1xx.o
 .comment       0x0000000000000050       0x51 ./Core/Src/tim.o
 .comment       0x0000000000000050       0x51 ./Drivers/STM32F1xx_HAL_Driver/Src/stm32f1xx_hal.o
 .comment       0x0000000000000050       0x51 ./Drivers/STM32F1xx_HAL_Driver/Src/stm32f1xx_hal_can.o
 .comment       0x0000000000000050       0x51 ./Drivers/STM32F1xx_HAL_Driver/Src/stm32f1xx_hal_cortex.o
 .comment       0x0000000000000050       0x51 ./Drivers/STM32F1xx_HAL_Driver/Src/stm32f1xx_hal_gpio.o
 .comment       0x0000000000000050       0x51 ./Drivers/STM32F1xx_HAL_Driver/Src/stm32f1xx_hal_rcc.o
 .comment       0x0000000000000050       0x51 ./Drivers/STM32F1xx_HAL_Driver/Src/stm32f1xx_hal_tim.o
 .comment       0x0000000000000050       0x51 ./Drivers/STM32F1xx_HAL_Driver/Src/stm32f1xx_hal_tim_ex.o

.debug_frame    0x0000000000000000     0x2ed0
 .debug_frame   0x0000000000000000       0x98 ./Core/Src/can.o
 .debug_frame   0x0000000000000098       0x34 ./Core/Src/gpio.o
 .debug_frame   0x00000000000000cc       0x5c ./Core/Src/led.o
 .debug_frame   0x0000000000000128       0x8c ./Core/Src/main.o
 .debug_frame   0x00000000000001b4      0x1a4 ./Core/Src/motor_control.o
 .debug_frame   0x0000000000000358       0x38 ./Core/Src/stm32f1xx_hal_msp.o
 .debug_frame   0x0000000000000390      0x13c ./Core/Src/stm32f1xx_it.o
 .debug_frame   0x00000000000004cc       0x58 ./Core/Src/system_stm32f1xx.o
 .debug_frame   0x0000000000000524       0xe8 ./Core/Src/tim.o
 .debug_frame   0x000000000000060c      0x334 ./Drivers/STM32F1xx_HAL_Driver/Src/stm32f1xx_hal.o
 .debug_frame   0x0000000000000940      0x5a0 ./Drivers/STM32F1xx_HAL_Driver/Src/stm32f1xx_hal_can.o
 .debug_frame   0x0000000000000ee0      0x428 ./Drivers/STM32F1xx_HAL_Driver/Src/stm32f1xx_hal_cortex.o
 .debug_frame   0x0000000000001308      0x14c ./Drivers/STM32F1xx_HAL_Driver/Src/stm32f1xx_hal_gpio.o
 .debug_frame   0x0000000000001454      0x218 ./Drivers/STM32F1xx_HAL_Driver/Src/stm32f1xx_hal_rcc.o
 .debug_frame   0x000000000000166c     0x11bc ./Drivers/STM32F1xx_HAL_Driver/Src/stm32f1xx_hal_tim.o
 .debug_frame   0x0000000000002828      0x638 ./Drivers/STM32F1xx_HAL_Driver/Src/stm32f1xx_hal_tim_ex.o
 .debug_frame   0x0000000000002e60       0x2c c:/st/stm32cubeide_1.11.0/stm32cubeide/plugins/com.st.stm32cube.ide.mcu.externaltools.gnu-tools-for-stm32.10.3-2021.10.win32_1.0.200.202301161003/tools/bin/../lib/gcc/arm-none-eabi/10.3.1/../../../../arm-none-eabi/lib/thumb/v7-m/nofp\libc_nano.a(lib_a-init.o)
 .debug_frame   0x0000000000002e8c       0x20 c:/st/stm32cubeide_1.11.0/stm32cubeide/plugins/com.st.stm32cube.ide.mcu.externaltools.gnu-tools-for-stm32.10.3-2021.10.win32_1.0.200.202301161003/tools/bin/../lib/gcc/arm-none-eabi/10.3.1/../../../../arm-none-eabi/lib/thumb/v7-m/nofp\libc_nano.a(lib_a-memset.o)
 .debug_frame   0x0000000000002eac       0x24 c:/st/stm32cubeide_1.11.0/stm32cubeide/plugins/com.st.stm32cube.ide.mcu.externaltools.gnu-tools-for-stm32.10.3-2021.10.win32_1.0.200.202301161003/tools/bin/../lib/gcc/arm-none-eabi/10.3.1/thumb/v7-m/nofp\libgcc.a(_arm_fixsfsi.o)
