../Core/Src/motor_control.c:22:5:get_dirction	8	static
../Core/Src/motor_control.c:27:5:get_position	16	static
../Core/Src/motor_control.c:32:6:set_speed	16	static
../Core/Src/motor_control.c:37:6:set_direction	16	static
../Core/Src/motor_control.c:43:6:init	8	static
../Core/Src/motor_control.c:46:6:deinit	8	static
../Core/Src/motor_control.c:52:6:activate	8	static
../Core/Src/motor_control.c:55:6:diactivate	8	static
../Core/Src/motor_control.c:60:6:move_async	24	static
../Core/Src/motor_control.c:77:6:move_sync	16	static
../Core/Src/motor_control.c:91:6:aysnc_callback	8	static
../Core/Src/motor_control.c:96:6:limit_switch_callback	8	static
../Core/Src/motor_control.c:100:6:stop	8	static
